// Jest Snapshot v1, https://goo.gl/fbAQLP

exports[`simple simple style 1`] = `
<View
  style={
    Array [
      Object {
        "alignItems": "center",
        "display": "flex",
        "height": "100%",
        "justifyContent": "center",
      },
    ]
  }
/>
`;
